[2m14:41:28[22m [33m[1m[vite][22m[39m [33mwarning: `esbuild` option was specified by "vite:react-babel" plugin. This option is deprecated, please use `oxc` instead.[39m
`optimizeDeps.rollupOptions` / `ssr.optimizeDeps.rollupOptions` is deprecated. Use `optimizeDeps.rolldownOptions` instead. Note that this option may be set by a plugin. Set VITE_DEPRECATION_TRACE=1 to see where it is called.
[vite:react-babel] We recommend switching to `@vitejs/plugin-react-oxc` for improved performance. More information at https://vite.dev/rolldown
[2m14:41:28[22m [36m[1m[vite][22m[39m [90m[2m(client)[22m[39m Re-optimizing dependencies because vite config has changed

  [32m[1mVITE[22m v8.0.16[39m  [2mready in [0m[1m3651[22m[2m[0m ms[22m

  [32m➜[39m  [1mLocal[22m:   [36mhttp://localhost:[1m5174[22m/[39m
[2m  [32m➜[39m  [1mNetwork[22m[2m: use [22m[1m--host[22m[2m to expose[22m
[2m14:41:31[22m [36m[1m[vite][22m[39m [90m[2m(client)[22m[39m [optimizer] scanning dependencies...
[33mWarning: Invalid input options (1 issue found)
- For the "jsx". Invalid key: Expected never but received "jsx". [0m
[33mWarning: Invalid input options (1 issue found)
- For the "jsx". Invalid key: Expected never but received "jsx". [0m
[2m14:41:50[22m [36m[1m[vite][22m[39m [90m[2m(client)[22m[39m [optimizer] bundling dependencies...
[2m16:43:21[22m [36m[1m[vite][22m[39m [90m[2m(client)[22m[39m [32mhmr update [39m[2m/src/App.jsx[22m
[2m16:43:28[22m [36m[1m[vite][22m[39m [90m[2m(client)[22m[39m [32mhmr update [39m[2m/src/components/NavBar.jsx[22m
[2m16:43:33[22m [36m[1m[vite][22m[39m [90m[2m(client)[22m[39m [32mhmr update [39m[2m/src/components/NavBar.jsx[22m
[2m16:43:47[22m [36m[1m[vite][22m[39m [90m[2m(client)[22m[39m [32mhmr update [39m[2m/src/pages/Login.jsx[22m
[2m16:43:47[22m [31m[1m[vite][22m[39m [31m[2m(client)[22m[39m [2m[console.error] [22m[vite] Failed to reload /src/pages/Login.jsx. This could be due to syntax errors or importing non-existent modules. (see errors above)
[2m16:48:21[22m [36m[1m[vite][22m[39m [90m[2m(client)[22m[39m [32mhmr update [39m[2m/src/App.jsx[22m
[2m16:48:35[22m [36m[1m[vite][22m[39m [90m[2m(client)[22m[39m [32mhmr update [39m[2m/src/pages/Dashboard.jsx[22m
[2m16:48:45[22m [36m[1m[vite][22m[39m [90m[2m(client)[22m[39m [32mhmr update [39m[2m/src/pages/Dashboard.jsx[22m
[2m16:49:05[22m [36m[1m[vite][22m[39m [90m[2m(client)[22m[39m [32mhmr update [39m[2m/src/pages/Dashboard.jsx[22m
[2m16:49:20[22m [36m[1m[vite][22m[39m [90m[2m(client)[22m[39m [32mhmr update [39m[2m/src/pages/Dashboard.jsx[22m
[2m16:49:25[22m [36m[1m[vite][22m[39m [90m[2m(client)[22m[39m [32mhmr update [39m[2m/src/pages/Dashboard.jsx[22m
[2m16:49:29[22m [36m[1m[vite][22m[39m [90m[2m(client)[22m[39m [32mhmr update [39m[2m/src/pages/Dashboard.jsx[22m
[2m16:50:36[22m [36m[1m[vite][22m[39m [90m[2m(client)[22m[39m [32mhmr update [39m[2m/src/pages/Dashboard.jsx[22m
[2m16:55:26[22m [36m[1m[vite][22m[39m [90m[2m(client)[22m[39m [32mhmr update [39m[2m/src/pages/Dashboard.jsx[22m
[2m16:55:31[22m [36m[1m[vite][22m[39m [90m[2m(client)[22m[39m [32mhmr update [39m[2m/src/pages/Dashboard.jsx[22m
[2m16:55:43[22m [36m[1m[vite][22m[39m [90m[2m(client)[22m[39m [32mhmr update [39m[2m/src/pages/Dashboard.jsx[22m
[2m16:55:43[22m [31m[1m[vite][22m[39m [31m[2m(client)[22m[39m [31m[Unhandled error] [1mReferenceError[22m: fit is not defined
[39m > src/pages/Dashboard.jsx:548:37
    546 |  
    547 |      return () => {
    548 |        intervals.forEach(clearInterval);
        |                                       ^
    549 |        deploy.removeEventListener('click', onDeploy);
    550 |        redirect.removeEventListener('click', onRedirect);
 > safelyCallDestroy node_modules/react-dom/cjs/react-dom.development.js:22971:4
 > commitHookEffectListUnmount node_modules/react-dom/cjs/react-dom.development.js:23139:10
 > commitPassiveUnmountOnFiber node_modules/react-dom/cjs/react-dom.development.js:25070:10
 > commitPassiveUnmountEffects_complete node_modules/react-dom/cjs/react-dom.development.js:25046:6
 > commitPassiveUnmountEffects_begin node_modules/react-dom/cjs/react-dom.development.js:25035:6
 > commitPassiveUnmountEffects node_modules/react-dom/cjs/react-dom.development.js:24980:2
 > flushPassiveEffectsImpl node_modules/react-dom/cjs/react-dom.development.js:27077:2
 > flushPassiveEffects node_modules/react-dom/cjs/react-dom.development.js:27023:13
 > commitRootImpl node_modules/react-dom/cjs/react-dom.development.js:26974:4

[2m16:55:43[22m [31m[1m[vite][22m[39m [31m[2m(client)[22m[39m [2m[console.error] [22mThe above error occurred in the <Dashboard> component:

    at Dashboard (http://localhost:5174/src/pages/Dashboard.jsx?t=1780761343464:321:18)
    at div
    at App (http://localhost:5174/src/App.jsx?t=1780761036242:27:33)

Consider adding an error boundary to your tree to customize error handling behavior.
Visit https://reactjs.org/link/error-boundaries to learn more about error boundaries.
[2m16:55:43[22m [31m[1m[vite][22m[39m [31m[2m(client)[22m[39m [31m[Unhandled rejection] [1mReferenceError[22m: fit is not defined
[39m > src/pages/Dashboard.jsx:548:37
    546 |  
    547 |      return () => {
    548 |        intervals.forEach(clearInterval);
        |                                       ^
    549 |        deploy.removeEventListener('click', onDeploy);
    550 |        redirect.removeEventListener('click', onRedirect);
 > safelyCallDestroy node_modules/react-dom/cjs/react-dom.development.js:22971:4
 > commitHookEffectListUnmount node_modules/react-dom/cjs/react-dom.development.js:23139:10
 > commitPassiveUnmountOnFiber node_modules/react-dom/cjs/react-dom.development.js:25070:10
 > commitPassiveUnmountEffects_complete node_modules/react-dom/cjs/react-dom.development.js:25046:6
 > commitPassiveUnmountEffects_begin node_modules/react-dom/cjs/react-dom.development.js:25035:6
 > commitPassiveUnmountEffects node_modules/react-dom/cjs/react-dom.development.js:24980:2
 > flushPassiveEffectsImpl node_modules/react-dom/cjs/react-dom.development.js:27077:2
 > flushPassiveEffects node_modules/react-dom/cjs/react-dom.development.js:27023:13
 > commitRootImpl node_modules/react-dom/cjs/react-dom.development.js:26974:4

[2m16:58:58[22m [36m[1m[vite][22m[39m [90m[2m(client)[22m[39m [32mhmr update [39m[2m/src/pages/Dashboard.jsx[22m
[2m16:59:03[22m [36m[1m[vite][22m[39m [90m[2m(client)[22m[39m [32mhmr update [39m[2m/src/pages/Dashboard.jsx[22m
[2m17:14:52[22m [36m[1m[vite][22m[39m [90m[2m(client)[22m[39m [32mhmr update [39m[2m/src/pages/Dashboard.jsx[22m
[2m17:15:18[22m [36m[1m[vite][22m[39m [90m[2m(client)[22m[39m [32mhmr update [39m[2m/src/pages/Dashboard.jsx[22m
[2m17:15:18[22m [31m[1m[vite][22m[39m [31mInternal server error: C:\Users\hp\Documents\Atlas Crowd shield\Atlas-Crowd-sheild\Frontend\src\pages\Dashboard.jsx: Missing semicolon. (46:4)

[0m [90m 44 |[31m [32m/* Fluid layout: the dashboard fills the area below the shared NavBar (~66px)[31m
 [90m 45 |[31m [32m   and the components reflow responsively — no fixed-scale "snapshot".[31m
[31m[1m>[22m[31m[90m 46 |[31m [32m   `[31mmin[33m-[31mheight[32m` (not fixed height) lets the page scroll instead of clipping[31m
 [90m    |[31m     [31m[1m^[22m[31m
 [90m 47 |[31m [32m   the bottom of the columns on short viewports. */[31m
 [90m 48 |[31m [32m.acs #acs-stage { display: block; }[31m
 [90m 49 |[31m [32m.acs #acs-canvas {[31m[0m[39m
  Plugin: [35mvite:react-babel[39m
  File: [36mC:/Users/hp/Documents/Atlas Crowd shield/Atlas-Crowd-sheild/Frontend/src/pages/Dashboard.jsx[39m:46:4
[33m  44 |  /* Fluid layout: the dashboard fills the area below the shared NavBar (~66px)
  45 |     and the components reflow responsively — no fixed-scale "snapshot".
  46 |     `min-height` (not fixed height) lets the page scroll instead of clipping
     |      ^
  47 |     the bottom of the columns on short viewports. */
  48 |  .acs #acs-stage { display: block; }[39m
      at constructor (C:\Users\hp\Documents\Atlas Crowd shield\Atlas-Crowd-sheild\Frontend\node_modules\@babel\parser\lib\index.js:365:19)
      at JSXParserMixin.raise (C:\Users\hp\Documents\Atlas Crowd shield\Atlas-Crowd-sheild\Frontend\node_modules\@babel\parser\lib\index.js:6616:19)
      at JSXParserMixin.semicolon (C:\Users\hp\Documents\Atlas Crowd shield\Atlas-Crowd-sheild\Frontend\node_modules\@babel\parser\lib\index.js:6912:10)
      at JSXParserMixin.parseVarStatement (C:\Users\hp\Documents\Atlas Crowd shield\Atlas-Crowd-sheild\Frontend\node_modules\@babel\parser\lib\index.js:13248:10)
      at JSXParserMixin.parseStatementContent (C:\Users\hp\Documents\Atlas Crowd shield\Atlas-Crowd-sheild\Frontend\node_modules\@babel\parser\lib\index.js:12868:23)
      at JSXParserMixin.parseStatementLike (C:\Users\hp\Documents\Atlas Crowd shield\Atlas-Crowd-sheild\Frontend\node_modules\@babel\parser\lib\index.js:12784:17)
      at JSXParserMixin.parseModuleItem (C:\Users\hp\Documents\Atlas Crowd shield\Atlas-Crowd-sheild\Frontend\node_modules\@babel\parser\lib\index.js:12761:17)
      at JSXParserMixin.parseBlockOrModuleBlockBody (C:\Users\hp\Documents\Atlas Crowd shield\Atlas-Crowd-sheild\Frontend\node_modules\@babel\parser\lib\index.js:13333:36)
      at JSXParserMixin.parseBlockBody (C:\Users\hp\Documents\Atlas Crowd shield\Atlas-Crowd-sheild\Frontend\node_modules\@babel\parser\lib\index.js:13326:10)
      at JSXParserMixin.parseProgram (C:\Users\hp\Documents\Atlas Crowd shield\Atlas-Crowd-sheild\Frontend\node_modules\@babel\parser\lib\index.js:12639:10)
      at JSXParserMixin.parseTopLevel (C:\Users\hp\Documents\Atlas Crowd shield\Atlas-Crowd-sheild\Frontend\node_modules\@babel\parser\lib\index.js:12629:25)
      at JSXParserMixin.parse (C:\Users\hp\Documents\Atlas Crowd shield\Atlas-Crowd-sheild\Frontend\node_modules\@babel\parser\lib\index.js:14505:25)
      at parse (C:\Users\hp\Documents\Atlas Crowd shield\Atlas-Crowd-sheild\Frontend\node_modules\@babel\parser\lib\index.js:14539:38)
      at parser (C:\Users\hp\Documents\Atlas Crowd shield\Atlas-Crowd-sheild\Frontend\node_modules\@babel\core\lib\parser\index.js:41:34)
      at parser.next (<anonymous>)
      at normalizeFile (C:\Users\hp\Documents\Atlas Crowd shield\Atlas-Crowd-sheild\Frontend\node_modules\@babel\core\lib\transformation\normalize-file.js:51:37)
      at normalizeFile.next (<anonymous>)
      at run (C:\Users\hp\Documents\Atlas Crowd shield\Atlas-Crowd-sheild\Frontend\node_modules\@babel\core\lib\transformation\index.js:22:50)
      at run.next (<anonymous>)
      at transform (C:\Users\hp\Documents\Atlas Crowd shield\Atlas-Crowd-sheild\Frontend\node_modules\@babel\core\lib\transform.js:22:33)
      at transform.next (<anonymous>)
      at step (C:\Users\hp\Documents\Atlas Crowd shield\Atlas-Crowd-sheild\Frontend\node_modules\gensync\index.js:261:32)
      at C:\Users\hp\Documents\Atlas Crowd shield\Atlas-Crowd-sheild\Frontend\node_modules\gensync\index.js:273:13
      at async.call.result.err.err (C:\Users\hp\Documents\Atlas Crowd shield\Atlas-Crowd-sheild\Frontend\node_modules\gensync\index.js:223:11)
      at C:\Users\hp\Documents\Atlas Crowd shield\Atlas-Crowd-sheild\Frontend\node_modules\gensync\index.js:189:28
      at C:\Users\hp\Documents\Atlas Crowd shield\Atlas-Crowd-sheild\Frontend\node_modules\@babel\core\lib\gensync-utils\async.js:67:7
      at C:\Users\hp\Documents\Atlas Crowd shield\Atlas-Crowd-sheild\Frontend\node_modules\gensync\index.js:113:33
      at step (C:\Users\hp\Documents\Atlas Crowd shield\Atlas-Crowd-sheild\Frontend\node_modules\gensync\index.js:287:14)
      at C:\Users\hp\Documents\Atlas Crowd shield\Atlas-Crowd-sheild\Frontend\node_modules\gensync\index.js:273:13
      at async.call.result.err.err (C:\Users\hp\Documents\Atlas Crowd shield\Atlas-Crowd-sheild\Frontend\node_modules\gensync\index.js:223:11)
[2m17:15:18[22m [31m[1m[vite][22m[39m [31m[2m(client)[22m[39m [2m[console.error] [22m[vite] Failed to reload /src/pages/Dashboard.jsx. This could be due to syntax errors or importing non-existent modules. (see errors above)
[2m17:16:05[22m [36m[1m[vite][22m[39m [90m[2m(client)[22m[39m [32mhmr update [39m[2m/src/pages/Dashboard.jsx[22m
[2m17:23:11[22m [36m[1m[vite][22m[39m [90m[2m(client)[22m[39m [32mhmr update [39m[2m/src/pages/Dashboard.jsx[22m
[2m17:23:20[22m [36m[1m[vite][22m[39m [90m[2m(client)[22m[39m [32mhmr update [39m[2m/src/pages/Dashboard.jsx[22m
[2m17:23:28[22m [36m[1m[vite][22m[39m [90m[2m(client)[22m[39m [32mhmr update [39m[2m/src/pages/Dashboard.jsx[22m
[2m17:23:34[22m [36m[1m[vite][22m[39m [90m[2m(client)[22m[39m [32mhmr update [39m[2m/src/pages/Dashboard.jsx[22m
[2m18:30:45[22m [36m[1m[vite][22m[39m [90m[2m(client)[22m[39m [32mhmr update [39m[2m/src/pages/Dashboard.jsx[22m
[2m18:30:53[22m [36m[1m[vite][22m[39m [90m[2m(client)[22m[39m [32mhmr update [39m[2m/src/pages/Dashboard.jsx[22m
[2m18:30:53[22m [31m[1m[vite][22m[39m [31m[2m(client)[22m[39m [31m[Unhandled error] [1mTypeError[22m: Cannot set properties of null (setting 'innerHTML')
[39m > innerHTML src/pages/Dashboard.jsx:301:10
    299 |      (function () {
    300 |        const svg = $('#acs-stadium');
    301 |        svg.innerHTML = ''; // idempotent — avoid duplicate draw under StrictMode re-mount
        |            ^
    302 |        const NS = 'http://www.w3.org/2000/svg';
    303 |        const cx = 310, cy = 235, RX = 256, RY = 188;
 > src/pages/Dashboard.jsx:428:7
 > commitHookEffectListMount node_modules/react-dom/cjs/react-dom.development.js:23189:25
 > commitPassiveMountOnFiber node_modules/react-dom/cjs/react-dom.development.js:24965:12
 > commitPassiveMountEffects_complete node_modules/react-dom/cjs/react-dom.development.js:24930:8
 > commitPassiveMountEffects_begin node_modules/react-dom/cjs/react-dom.development.js:24917:6
 > commitPassiveMountEffects node_modules/react-dom/cjs/react-dom.development.js:24905:2
 > flushPassiveEffectsImpl node_modules/react-dom/cjs/react-dom.development.js:27078:2
 > flushPassiveEffects node_modules/react-dom/cjs/react-dom.development.js:27023:13
 > commitRootImpl node_modules/react-dom/cjs/react-dom.development.js:26974:4

[2m18:30:53[22m [31m[1m[vite][22m[39m [31m[2m(client)[22m[39m [2m[console.error] [22mThe above error occurred in the <Dashboard> component:

    at Dashboard (http://localhost:5174/src/pages/Dashboard.jsx?t=1780767053749:322:18)
    at div
    at App (http://localhost:5174/src/App.jsx?t=1780763014220:27:33)

Consider adding an error boundary to your tree to customize error handling behavior.
Visit https://reactjs.org/link/error-boundaries to learn more about error boundaries.
[2m18:30:53[22m [31m[1m[vite][22m[39m [31m[2m(client)[22m[39m [31m[Unhandled rejection] [1mTypeError[22m: Cannot set properties of null (setting 'innerHTML')
[39m > innerHTML src/pages/Dashboard.jsx:301:10
    299 |      (function () {
    300 |        const svg = $('#acs-stadium');
    301 |        svg.innerHTML = ''; // idempotent — avoid duplicate draw under StrictMode re-mount
        |            ^
    302 |        const NS = 'http://www.w3.org/2000/svg';
    303 |        const cx = 310, cy = 235, RX = 256, RY = 188;
 > src/pages/Dashboard.jsx:428:7
 > commitHookEffectListMount node_modules/react-dom/cjs/react-dom.development.js:23189:25
 > commitPassiveMountOnFiber node_modules/react-dom/cjs/react-dom.development.js:24965:12
 > commitPassiveMountEffects_complete node_modules/react-dom/cjs/react-dom.development.js:24930:8
 > commitPassiveMountEffects_begin node_modules/react-dom/cjs/react-dom.development.js:24917:6
 > commitPassiveMountEffects node_modules/react-dom/cjs/react-dom.development.js:24905:2
 > flushPassiveEffectsImpl node_modules/react-dom/cjs/react-dom.development.js:27078:2
 > flushPassiveEffects node_modules/react-dom/cjs/react-dom.development.js:27023:13
 > commitRootImpl node_modules/react-dom/cjs/react-dom.development.js:26974:4

[2m18:31:34[22m [36m[1m[vite][22m[39m [90m[2m(client)[22m[39m [32mhmr update [39m[2m/src/pages/Dashboard.jsx[22m
[2m18:42:05[22m [36m[1m[vite][22m[39m [90m[2m(client)[22m[39m [32mhmr update [39m[2m/src/components/StadiumMap.jsx[22m
[2m18:42:14[22m [36m[1m[vite][22m[39m [90m[2m(client)[22m[39m [32mhmr update [39m[2m/src/components/StadiumMap.jsx[22m
[2m18:51:50[22m [36m[1m[vite][22m[39m [90m[2m(client)[22m[39m [32mhmr update [39m[2m/src/components/StadiumMap.jsx[22m
[2m19:01:26[22m [36m[1m[vite][22m[39m [90m[2m(client)[22m[39m [32mhmr update [39m[2m/src/components/StadiumMap.jsx[22m
[2m19:04:57[22m [36m[1m[vite][22m[39m [90m[2m(client)[22m[39m [32mhmr update [39m[2m/src/components/StadiumMap.jsx[22m
[2m19:10:01[22m [36m[1m[vite][22m[39m [90m[2m(client)[22m[39m [32mhmr update [39m[2m/src/components/StadiumMap.jsx[22m
[2m20:11:19[22m [36m[1m[vite][22m[39m [90m[2m(client)[22m[39m [32mhmr update [39m[2m/src/components/StadiumMap.jsx[22m
[2m20:11:31[22m [36m[1m[vite][22m[39m [90m[2m(client)[22m[39m [32mhmr update [39m[2m/src/components/StadiumMap.jsx[22m
[2m20:11:37[22m [36m[1m[vite][22m[39m [90m[2m(client)[22m[39m [32mhmr update [39m[2m/src/components/StadiumMap.jsx[22m
[2m20:12:27[22m [36m[1m[vite][22m[39m [90m[2m(client)[22m[39m [32mhmr update [39m[2m/src/components/StadiumMap.jsx[22m
[2m20:12:30[22m [36m[1m[vite][22m[39m [90m[2m(client)[22m[39m [32mhmr update [39m[2m/src/components/StadiumMap.jsx[22m
[2m20:12:42[22m [36m[1m[vite][22m[39m [90m[2m(client)[22m[39m [32mhmr update [39m[2m/src/components/StadiumMap.jsx[22m
[2m20:12:52[22m [36m[1m[vite][22m[39m [90m[2m(client)[22m[39m [32mhmr update [39m[2m/src/components/StadiumMap.jsx[22m
[2m20:13:02[22m [36m[1m[vite][22m[39m [90m[2m(client)[22m[39m [32mhmr update [39m[2m/src/components/StadiumMap.jsx[22m
[2m20:15:18[22m [36m[1m[vite][22m[39m [90m[2m(client)[22m[39m [32mhmr update [39m[2m/src/components/StadiumMap.jsx[22m
[2m20:15:28[22m [36m[1m[vite][22m[39m [90m[2m(client)[22m[39m [32mhmr update [39m[2m/src/components/StadiumMap.jsx[22m
[2m21:45:14[22m [36m[1m[vite][22m[39m [90m[2m(client)[22m[39m [32mhmr update [39m[2m/src/components/StadiumMap.jsx[22m
[2m22:17:42[22m [36m[1m[vite][22m[39m [90m[2m(client)[22m[39m [32mhmr update [39m[2m/src/components/StadiumMap.jsx[22m
[2m22:17:50[22m [36m[1m[vite][22m[39m [90m[2m(client)[22m[39m [32mhmr update [39m[2m/src/components/StadiumMap.jsx[22m
[2m22:17:50[22m [31m[1m[vite][22m[39m [31m[2m(client)[22m[39m [31m[Unhandled error] [1mError[22m: Target container is not a DOM element.
[39m > createPortal$1 node_modules/react-dom/cjs/react-dom.development.js:29829:10
 > createPortal src/components/StadiumMap.jsx:411:15
    409 |        </div>
    410 |  
    411 |        {open && createPortal(
        |                 ^
    412 |          <div className="sm-modal" onClick={() => setOpen(false)}>
    413 |            <style>{CSS}</style>
 > renderWithHooks node_modules/react-dom/cjs/react-dom.development.js:15486:17
 > updateFunctionComponent node_modules/react-dom/cjs/react-dom.development.js:19617:19
 > beginWork node_modules/react-dom/cjs/react-dom.development.js:21640:15
 > HTMLUnknownElement.callCallback node_modules/react-dom/cjs/react-dom.development.js:4164:13
 > Object.invokeGuardedCallbackDev node_modules/react-dom/cjs/react-dom.development.js:4213:15
 > invokeGuardedCallback node_modules/react-dom/cjs/react-dom.development.js:4277:30
 > beginWork$1 node_modules/react-dom/cjs/react-dom.development.js:27490:6
 > performUnitOfWork node_modules/react-dom/cjs/react-dom.development.js:26596:11

[2m22:17:50[22m [31m[1m[vite][22m[39m [31m[2m(client)[22m[39m [31m[Unhandled error] [1mError[22m: Target container is not a DOM element.
[39m > createPortal$1 node_modules/react-dom/cjs/react-dom.development.js:29829:10
 > createPortal src/components/StadiumMap.jsx:411:15
    409 |        </div>
    410 |  
    411 |        {open && createPortal(
        |                 ^
    412 |          <div className="sm-modal" onClick={() => setOpen(false)}>
    413 |            <style>{CSS}</style>
 > renderWithHooks node_modules/react-dom/cjs/react-dom.development.js:15486:17
 > updateFunctionComponent node_modules/react-dom/cjs/react-dom.development.js:19617:19
 > beginWork node_modules/react-dom/cjs/react-dom.development.js:21640:15
 > HTMLUnknownElement.callCallback node_modules/react-dom/cjs/react-dom.development.js:4164:13
 > Object.invokeGuardedCallbackDev node_modules/react-dom/cjs/react-dom.development.js:4213:15
 > invokeGuardedCallback node_modules/react-dom/cjs/react-dom.development.js:4277:30
 > beginWork$1 node_modules/react-dom/cjs/react-dom.development.js:27490:6
 > performUnitOfWork node_modules/react-dom/cjs/react-dom.development.js:26596:11

[2m22:17:50[22m [31m[1m[vite][22m[39m [31m[2m(client)[22m[39m [2m[console.error] [22mThe above error occurred in the <StadiumMap> component:

    at StadiumMap (http://localhost:5174/src/components/StadiumMap.jsx?t=1780780670379:1280:26)
    at div
    at div
    at section
    at main
    at div
    at div
    at div
    at Dashboard (http://localhost:5174/src/pages/Dashboard.jsx?t=1780778714360:322:18)
    at div
    at App (http://localhost:5174/src/App.jsx?t=1780778714360:27:33)

Consider adding an error boundary to your tree to customize error handling behavior.
Visit https://reactjs.org/link/error-boundaries to learn more about error boundaries.
[2m22:17:50[22m [31m[1m[vite][22m[39m [31m[2m(client)[22m[39m [31m[Unhandled rejection] [1mError[22m: Target container is not a DOM element.
[39m > createPortal$1 node_modules/react-dom/cjs/react-dom.development.js:29829:10
 > createPortal src/components/StadiumMap.jsx:411:15
    409 |        </div>
    410 |  
    411 |        {open && createPortal(
        |                 ^
    412 |          <div className="sm-modal" onClick={() => setOpen(false)}>
    413 |            <style>{CSS}</style>
 > renderWithHooks node_modules/react-dom/cjs/react-dom.development.js:15486:17
 > updateFunctionComponent node_modules/react-dom/cjs/react-dom.development.js:19617:19
 > beginWork node_modules/react-dom/cjs/react-dom.development.js:21640:15
 > beginWork$1 node_modules/react-dom/cjs/react-dom.development.js:27465:13
 > performUnitOfWork node_modules/react-dom/cjs/react-dom.development.js:26596:11
 > workLoopSync node_modules/react-dom/cjs/react-dom.development.js:26505:4
 > renderRootSync node_modules/react-dom/cjs/react-dom.development.js:26473:6
 > recoverFromConcurrentError node_modules/react-dom/cjs/react-dom.development.js:25889:19

[2m22:17:54[22m [36m[1m[vite][22m[39m [90m[2m(client)[22m[39m [32mhmr update [39m[2m/src/components/StadiumMap.jsx[22m
[2m22:22:22[22m [36m[1m[vite][22m[39m [90m[2m(client)[22m[39m [32mhmr update [39m[2m/src/pages/Dashboard.jsx[22m
[2m22:22:22[22m [31m[1m[vite][22m[39m [31m[2m(client)[22m[39m [31m[Unhandled error] [1mReferenceError[22m: ZONES is not defined
[39m > ZONES src/pages/Dashboard.jsx:292:35
    290 |  
    291 |      /* ---- zone list ---- */
    292 |      $('#acs-zoneList').innerHTML = ZONES.map((z) => `
        |                                     ^
    293 |        <div class="zone">
    294 |          <span class="zdot ${z.blink ? 'blink' : ''}" style="background:${z.color}; box-shadow:0 0 8px ${z.color};"></...
 > commitHookEffectListMount node_modules/react-dom/cjs/react-dom.development.js:23189:25
 > commitPassiveMountOnFiber node_modules/react-dom/cjs/react-dom.development.js:24965:12
 > commitPassiveMountEffects_complete node_modules/react-dom/cjs/react-dom.development.js:24930:8
 > commitPassiveMountEffects_begin node_modules/react-dom/cjs/react-dom.development.js:24917:6
 > commitPassiveMountEffects node_modules/react-dom/cjs/react-dom.development.js:24905:2
 > flushPassiveEffectsImpl node_modules/react-dom/cjs/react-dom.development.js:27078:2
 > flushPassiveEffects node_modules/react-dom/cjs/react-dom.development.js:27023:13
 > commitRootImpl node_modules/react-dom/cjs/react-dom.development.js:26974:4
 > commitRoot node_modules/react-dom/cjs/react-dom.development.js:26721:4

[2m22:22:22[22m [31m[1m[vite][22m[39m [31m[2m(client)[22m[39m [2m[console.error] [22mThe above error occurred in the <Dashboard> component:

    at Dashboard (http://localhost:5174/src/pages/Dashboard.jsx?t=1780780942018:347:18)
    at div
    at App (http://localhost:5174/src/App.jsx?t=1780778714360:27:33)

Consider adding an error boundary to your tree to customize error handling behavior.
Visit https://reactjs.org/link/error-boundaries to learn more about error boundaries.
[2m22:22:22[22m [31m[1m[vite][22m[39m [31m[2m(client)[22m[39m [31m[Unhandled rejection] [1mReferenceError[22m: ZONES is not defined
[39m > ZONES src/pages/Dashboard.jsx:292:35
    290 |  
    291 |      /* ---- zone list ---- */
    292 |      $('#acs-zoneList').innerHTML = ZONES.map((z) => `
        |                                     ^
    293 |        <div class="zone">
    294 |          <span class="zdot ${z.blink ? 'blink' : ''}" style="background:${z.color}; box-shadow:0 0 8px ${z.color};"></...
 > commitHookEffectListMount node_modules/react-dom/cjs/react-dom.development.js:23189:25
 > commitPassiveMountOnFiber node_modules/react-dom/cjs/react-dom.development.js:24965:12
 > commitPassiveMountEffects_complete node_modules/react-dom/cjs/react-dom.development.js:24930:8
 > commitPassiveMountEffects_begin node_modules/react-dom/cjs/react-dom.development.js:24917:6
 > commitPassiveMountEffects node_modules/react-dom/cjs/react-dom.development.js:24905:2
 > flushPassiveEffectsImpl node_modules/react-dom/cjs/react-dom.development.js:27078:2
 > flushPassiveEffects node_modules/react-dom/cjs/react-dom.development.js:27023:13
 > commitRootImpl node_modules/react-dom/cjs/react-dom.development.js:26974:4
 > commitRoot node_modules/react-dom/cjs/react-dom.development.js:26721:4

[2m22:22:30[22m [36m[1m[vite][22m[39m [90m[2m(client)[22m[39m [32mhmr update [39m[2m/src/pages/Dashboard.jsx[22m
[2m22:22:36[22m [36m[1m[vite][22m[39m [90m[2m(client)[22m[39m [32mhmr update [39m[2m/src/pages/Dashboard.jsx[22m
[2m22:22:43[22m [36m[1m[vite][22m[39m [90m[2m(client)[22m[39m [32mhmr update [39m[2m/src/pages/Dashboard.jsx[22m
[2m22:34:27[22m [36m[1m[vite][22m[39m [90m[2m(client)[22m[39m [32mhmr update [39m[2m/src/components/StadiumMap.jsx[22m
[2m22:38:44[22m [36m[1m[vite][22m[39m [90m[2m(client)[22m[39m [32mhmr update [39m[2m/src/components/StadiumMap.jsx[22m
[2m22:40:34[22m [36m[1m[vite][22m[39m [90m[2m(client)[22m[39m [32mhmr update [39m[2m/src/components/StadiumMap.jsx[22m
[2m22:40:37[22m [36m[1m[vite][22m[39m [90m[2m(client)[22m[39m [32mhmr update [39m[2m/src/components/StadiumMap.jsx[22m
[2m22:40:38[22m [36m[1m[vite][22m[39m [90m[2m(client)[22m[39m [32mhmr update [39m[2m/src/components/StadiumMap.jsx[22m
[2m22:40:41[22m [36m[1m[vite][22m[39m [90m[2m(client)[22m[39m [32mhmr update [39m[2m/src/components/StadiumMap.jsx[22m
[2m22:40:49[22m [36m[1m[vite][22m[39m [90m[2m(client)[22m[39m [32mhmr update [39m[2m/src/components/StadiumMap.jsx[22m
[2m22:40:49[22m [31m[1m[vite][22m[39m [31m[2m(client)[22m[39m [31m[Unhandled error] [1mReferenceError[22m: zoom is not defined
[39m > zoom src/components/StadiumMap.jsx:396:73
    394 |          </div>
    395 |  
    396 |          <div style={{ width: '100%', height: '100%', transform: `scale(${zoom})`, transformOrigin: 'center' }}>
        |                                                                           ^
    397 |            <StadiumScene />
    398 |          </div>
 > renderWithHooks node_modules/react-dom/cjs/react-dom.development.js:15486:17
 > mountIndeterminateComponent node_modules/react-dom/cjs/react-dom.development.js:20103:12
 > beginWork node_modules/react-dom/cjs/react-dom.development.js:21626:15
 > HTMLUnknownElement.callCallback node_modules/react-dom/cjs/react-dom.development.js:4164:13
 > Object.invokeGuardedCallbackDev node_modules/react-dom/cjs/react-dom.development.js:4213:15
 > invokeGuardedCallback node_modules/react-dom/cjs/react-dom.development.js:4277:30
 > beginWork$1 node_modules/react-dom/cjs/react-dom.development.js:27490:6
 > performUnitOfWork node_modules/react-dom/cjs/react-dom.development.js:26596:11
 > workLoopSync node_modules/react-dom/cjs/react-dom.development.js:26505:4

[2m22:40:49[22m [31m[1m[vite][22m[39m [31m[2m(client)[22m[39m [31m[Unhandled error] [1mReferenceError[22m: zoom is not defined
[39m > zoom src/components/StadiumMap.jsx:396:73
    394 |          </div>
    395 |  
    396 |          <div style={{ width: '100%', height: '100%', transform: `scale(${zoom})`, transformOrigin: 'center' }}>
        |                                                                           ^
    397 |            <StadiumScene />
    398 |          </div>
 > renderWithHooks node_modules/react-dom/cjs/react-dom.development.js:15486:17
 > mountIndeterminateComponent node_modules/react-dom/cjs/react-dom.development.js:20103:12
 > beginWork node_modules/react-dom/cjs/react-dom.development.js:21626:15
 > HTMLUnknownElement.callCallback node_modules/react-dom/cjs/react-dom.development.js:4164:13
 > Object.invokeGuardedCallbackDev node_modules/react-dom/cjs/react-dom.development.js:4213:15
 > invokeGuardedCallback node_modules/react-dom/cjs/react-dom.development.js:4277:30
 > beginWork$1 node_modules/react-dom/cjs/react-dom.development.js:27490:6
 > performUnitOfWork node_modules/react-dom/cjs/react-dom.development.js:26596:11
 > workLoopSync node_modules/react-dom/cjs/react-dom.development.js:26505:4

[2m22:40:49[22m [31m[1m[vite][22m[39m [31m[2m(client)[22m[39m [2m[console.error] [22mThe above error occurred in the <StadiumMap> component:

    at StadiumMap (http://localhost:5174/src/components/StadiumMap.jsx?t=1780782049484:1288:26)
    at div
    at div
    at section
    at main
    at div
    at div
    at div
    at Dashboard (http://localhost:5174/src/pages/Dashboard.jsx?t=1780780963316:347:18)
    at div
    at App (http://localhost:5174/src/App.jsx?t=1780778714360:27:33)

Consider adding an error boundary to your tree to customize error handling behavior.
Visit https://reactjs.org/link/error-boundaries to learn more about error boundaries.
[2m22:40:49[22m [31m[1m[vite][22m[39m [31m[2m(client)[22m[39m [31m[Unhandled rejection] [1mReferenceError[22m: zoom is not defined
[39m > zoom src/components/StadiumMap.jsx:396:73
    394 |          </div>
    395 |  
    396 |          <div style={{ width: '100%', height: '100%', transform: `scale(${zoom})`, transformOrigin: 'center' }}>
        |                                                                           ^
    397 |            <StadiumScene />
    398 |          </div>
 > renderWithHooks node_modules/react-dom/cjs/react-dom.development.js:15486:17
 > mountIndeterminateComponent node_modules/react-dom/cjs/react-dom.development.js:20103:12
 > beginWork node_modules/react-dom/cjs/react-dom.development.js:21626:15
 > beginWork$1 node_modules/react-dom/cjs/react-dom.development.js:27465:13
 > performUnitOfWork node_modules/react-dom/cjs/react-dom.development.js:26596:11
 > workLoopSync node_modules/react-dom/cjs/react-dom.development.js:26505:4
 > renderRootSync node_modules/react-dom/cjs/react-dom.development.js:26473:6
 > recoverFromConcurrentError node_modules/react-dom/cjs/react-dom.development.js:25889:19
 > performSyncWorkOnRoot node_modules/react-dom/cjs/react-dom.development.js:26135:19

[2m22:40:53[22m [36m[1m[vite][22m[39m [90m[2m(client)[22m[39m [32mhmr update [39m[2m/src/components/StadiumMap.jsx[22m
[2m22:41:06[22m [36m[1m[vite][22m[39m [90m[2m(client)[22m[39m [32mhmr update [39m[2m/src/components/StadiumMap.jsx[22m
[2m22:42:14[22m [36m[1m[vite][22m[39m [90m[2m(client)[22m[39m [32mhmr update [39m[2m/src/components/StadiumMap.jsx[22m
[2m22:42:49[22m [36m[1m[vite][22m[39m [90m[2m(client)[22m[39m [32mhmr update [39m[2m/src/components/StadiumMap.jsx[22m
[2m22:46:49[22m [36m[1m[vite][22m[39m [90m[2m(client)[22m[39m [32mhmr update [39m[2m/src/components/StadiumMap.jsx[22m
[33mWarning: Invalid input options (1 issue found)
- For the "jsx". Invalid key: Expected never but received "jsx". [0m
[2m22:46:51[22m [36m[1m[vite][22m[39m [90m[2m(client)[22m[39m [32m✨ new dependencies optimized: [33mthree[32m[39m
[2m22:46:51[22m [36m[1m[vite][22m[39m [90m[2m(client)[22m[39m [32m✨ optimized dependencies changed. reloading[39m
[2m22:46:52[22m [31m[1m[vite][22m[39m [31m[2m(client)[22m[39m [31m[Unhandled error] [1mTypeError[22m: RefreshRuntime.getRefreshReg is not a function
[39m > src/components/NavBar.jsx?t=1780760613502:13:39

[2m22:47:02[22m [36m[1m[vite][22m[39m [90m[2m(client)[22m[39m [32mhmr update [39m[2m/src/components/StadiumMap.jsx[22m
[2m22:47:10[22m [36m[1m[vite][22m[39m [90m[2m(client)[22m[39m [32mhmr update [39m[2m/src/components/StadiumMap.jsx[22m
[2m22:48:25[22m [36m[1m[vite][22m[39m [90m[2m(client)[22m[39m [32mhmr update [39m[2m/src/components/Stadium3D.jsx[22m
[2m22:48:25[22m [36m[1m[vite][22m[39m [90m[2m(client)[22m[39m [32mhmr update [39m[2m/src/components/StadiumMap.jsx[22m
[2m22:51:32[22m [36m[1m[vite][22m[39m [90m[2m(client)[22m[39m [32mhmr update [39m[2m/src/components/Stadium3D.jsx[22m
[2m22:51:36[22m [36m[1m[vite][22m[39m [90m[2m(client)[22m[39m [32mhmr update [39m[2m/src/components/Stadium3D.jsx[22m
[2m22:51:38[22m [36m[1m[vite][22m[39m [90m[2m(client)[22m[39m [32mhmr update [39m[2m/src/components/Stadium3D.jsx[22m
[2m22:51:39[22m [36m[1m[vite][22m[39m [90m[2m(client)[22m[39m [32mhmr update [39m[2m/src/components/Stadium3D.jsx[22m
[2m22:54:26[22m [36m[1m[vite][22m[39m [90m[2m(client)[22m[39m [32mhmr update [39m[2m/src/components/StadiumMap.jsx[22m
[2m22:57:08[22m [36m[1m[vite][22m[39m [90m[2m(client)[22m[39m [32mhmr update [39m[2m/src/components/StadiumMap.jsx[22m
[2m22:57:15[22m [36m[1m[vite][22m[39m [90m[2m(client)[22m[39m [32mhmr update [39m[2m/src/components/StadiumMap.jsx[22m
[2m22:57:26[22m [36m[1m[vite][22m[39m [90m[2m(client)[22m[39m [32mhmr update [39m[2m/src/components/StadiumMap.jsx[22m
[2m22:57:32[22m [36m[1m[vite][22m[39m [90m[2m(client)[22m[39m [32mhmr update [39m[2m/src/components/StadiumMap.jsx[22m
[2m23:01:45[22m [36m[1m[vite][22m[39m [90m[2m(client)[22m[39m [32mhmr update [39m[2m/src/components/StadiumMap.jsx[22m
[2m23:01:50[22m [36m[1m[vite][22m[39m [90m[2m(client)[22m[39m [32mhmr update [39m[2m/src/components/StadiumMap.jsx[22m
[2m23:01:58[22m [36m[1m[vite][22m[39m [90m[2m(client)[22m[39m [32mhmr update [39m[2m/src/components/StadiumMap.jsx[22m
[2m23:02:06[22m [36m[1m[vite][22m[39m [90m[2m(client)[22m[39m [32mhmr update [39m[2m/src/components/StadiumMap.jsx[22m
[2m23:04:54[22m [36m[1m[vite][22m[39m [90m[2m(client)[22m[39m [32mhmr update [39m[2m/src/components/StadiumMap.jsx[22m
[2m23:33:29[22m [36m[1m[vite][22m[39m [90m[2m(client)[22m[39m [32mhmr update [39m[2m/src/pages/Ops.jsx, /src/pages/admin/Matchs.jsx, /src/pages/admin/Cameras.jsx, /src/pages/admin/Agents.jsx, /src/pages/admin/Portes.jsx[22m
[2m23:33:29[22m [36m[1m[vite][22m[39m [90m[2m(client)[22m[39m [32mhmr update [39m[2m/src/pages/Forensic.jsx[22m
[2m23:33:29[22m [36m[1m[vite][22m[39m [90m[2m(client)[22m[39m [32mhmr update [39m[2m/src/App.jsx[22m
[2m23:33:29[22m [36m[1m[vite][22m[39m [90m[2m(client)[22m[39m [32mhmr update [39m[2m/src/pages/admin/Parametres.jsx[22m
[2m00:13:01[22m [36m[1m[vite][22m[39m [90m[2m(client)[22m[39m [32mhmr update [39m[2m/src/components/StadiumMap.jsx[22m
[2m00:13:12[22m [36m[1m[vite][22m[39m [90m[2m(client)[22m[39m [32mhmr update [39m[2m/src/components/StadiumMap.jsx[22m
[2m00:13:34[22m [36m[1m[vite][22m[39m [90m[2m(client)[22m[39m [32mhmr update [39m[2m/src/components/StadiumMap.jsx[22m
[2m00:13:47[22m [36m[1m[vite][22m[39m [90m[2m(client)[22m[39m [32mhmr update [39m[2m/src/components/StadiumMap.jsx[22m
[2m00:25:59[22m [36m[1m[vite][22m[39m [90m[2m(client)[22m[39m [32mhmr update [39m[2m/src/pages/Dashboard.jsx[22m
[2m00:26:05[22m [36m[1m[vite][22m[39m [90m[2m(client)[22m[39m [32mhmr update [39m[2m/src/pages/Dashboard.jsx[22m
